[NX v22.1.0 Daemon Server] - 2025-11-26T10:29:58.347Z - Started listening on: /private/var/folders/4j/b92rng4s5895vcc79fc34k3m0000gp/T/b04bae7cef7ac86e546a/d.sock
[NX v22.1.0 Daemon Server] - 2025-11-26T10:29:58.350Z - [WATCHER]: Subscribed to changes within: /Users/phill.armstrong/dev/user-data-platform (native)
[NX v22.1.0 Daemon Server] - 2025-11-26T10:29:58.351Z - [NX-CONSOLE]: Pulling latest Nx (latest) to check console status...
Fetching nx...
[NX v22.1.0 Daemon Server] - 2025-11-26T10:29:58.795Z - Established a connection. Number of open connections: 1
[NX v22.1.0 Daemon Server] - 2025-11-26T10:29:58.795Z - Established a connection. Number of open connections: 2
[NX v22.1.0 Daemon Server] - 2025-11-26T10:29:58.796Z - Closed a connection. Number of open connections: 1
[NX v22.1.0 Daemon Server] - 2025-11-26T10:29:58.798Z - Received raw message of length 32
[NX v22.1.0 Daemon Server] - 2025-11-26T10:29:58.799Z - Received json message of type GET_NX_CONSOLE_STATUS
[NX v22.1.0 Daemon Server] - 2025-11-26T10:29:58.799Z - Serializing response for GET_NX_CONSOLE_STATUS message in json mode
[NX v22.1.0 Daemon Server] - 2025-11-26T10:29:58.799Z - Responding to GET_NX_CONSOLE_STATUS message
[NX v22.1.0 Daemon Server] - 2025-11-26T10:29:58.799Z - [REQUEST]: Responding to the client. handleGetNxConsoleStatus
[NX v22.1.0 Daemon Server] - 2025-11-26T10:29:58.799Z - Done responding to the client handleGetNxConsoleStatus
[NX v22.1.0 Daemon Server] - 2025-11-26T10:29:58.799Z - Handled json message GET_NX_CONSOLE_STATUS. Handling time: 0. Response time: 0.
Time for 'plugin worker 97319 code loading' 3.6857909999999983
Time for 'plugin worker 97320 code loading' 3.9769579999999998
Time for 'plugin worker 97322 code loading' 3.7462920000000004
[NX v22.1.0 Daemon Server] - 2025-11-26T10:29:58.827Z - Established a connection. Number of open connections: 2
Time for 'plugin worker 97321 code loading' 4.003790999999998
[NX v22.1.0 Daemon Server] - 2025-11-26T10:29:58.828Z - Closed a connection. Number of open connections: 1
[NX v22.1.0 Daemon Server] - 2025-11-26T10:29:59.078Z - Time taken for 'Load Nx Plugin: /Users/phill.armstrong/dev/user-data-platform/node_modules/.pnpm/nx@22.1.0/node_modules/nx/src/plugins/project-json/build-nodes/project-json' 284.3480830000001ms
[NX v22.1.0 Daemon Server] - 2025-11-26T10:29:59.086Z - Time taken for 'Load Nx Plugin: /Users/phill.armstrong/dev/user-data-platform/node_modules/.pnpm/nx@22.1.0/node_modules/nx/src/plugins/package-json' 292.1789590000001ms
[NX v22.1.0 Daemon Server] - 2025-11-26T10:29:59.124Z - Started listening on: /private/var/folders/4j/b92rng4s5895vcc79fc34k3m0000gp/T/b04bae7cef7ac86e546a/d.sock
[NX v22.1.0 Daemon Server] - 2025-11-26T10:29:59.126Z - [WATCHER]: Subscribed to changes within: /Users/phill.armstrong/dev/user-data-platform (native)
[NX v22.1.0 Daemon Server] - 2025-11-26T10:29:59.126Z - [NX-CONSOLE]: Pulling latest Nx (latest) to check console status...
Fetching nx...
[NX v22.1.0 Daemon Server] - 2025-11-26T10:29:59.143Z - [WATCHER]: Stopping the watcher for /Users/phill.armstrong/dev/user-data-platform (sources)
[NX v22.1.0 Daemon Server] - 2025-11-26T10:29:59.144Z - Closed a connection. Number of open connections: 0
[NX v22.1.0 Daemon Server] - 2025-11-26T10:29:59.144Z - [WATCHER]: Stopping the watcher for /Users/phill.armstrong/dev/user-data-platform (outputs)
[NX v22.1.0 Daemon Server] - 2025-11-26T10:29:59.144Z - Server stopped because: "this process is no longer the current daemon (native)"
[NX v22.1.0 Daemon Server] - 2025-11-26T10:29:59.451Z - Started listening on: /private/var/folders/4j/b92rng4s5895vcc79fc34k3m0000gp/T/b04bae7cef7ac86e546a/d.sock
[NX v22.1.0 Daemon Server] - 2025-11-26T10:29:59.453Z - [WATCHER]: Subscribed to changes within: /Users/phill.armstrong/dev/user-data-platform (native)
[NX v22.1.0 Daemon Server] - 2025-11-26T10:29:59.453Z - [NX-CONSOLE]: Pulling latest Nx (latest) to check console status...
Fetching nx...
[NX v22.1.0 Daemon Server] - 2025-11-26T10:29:59.544Z - [WATCHER]: Stopping the watcher for /Users/phill.armstrong/dev/user-data-platform (sources)
Time for 'plugin worker 97330 code loading' 4.0482499999999995
Time for 'plugin worker 97331 code loading' 5.485791000000001
Time for 'plugin worker 97332 code loading' 4.147375000000002
Time for 'plugin worker 97333 code loading' 4.681790999999999
[NX v22.1.0 Daemon Server] - 2025-11-26T10:29:59.840Z - [WATCHER]: Processing file changes in outputs
[NX v22.1.0 Daemon Server] - 2025-11-26T10:29:59.841Z - Established a connection. Number of open connections: 1
[NX v22.1.0 Daemon Server] - 2025-11-26T10:29:59.841Z - Established a connection. Number of open connections: 2
[NX v22.1.0 Daemon Server] - 2025-11-26T10:29:59.841Z - Closed a connection. Number of open connections: 1
[NX v22.1.0 Daemon Server] - 2025-11-26T10:29:59.844Z - Received raw message of length 32
[NX v22.1.0 Daemon Server] - 2025-11-26T10:29:59.844Z - Received json message of type REQUEST_PROJECT_GRAPH
[NX v22.1.0 Daemon Server] - 2025-11-26T10:29:59.844Z - [REQUEST]: Client Request for Project Graph Received
Time for 'plugin worker 97341 code loading' 3.9190420000000046
Time for 'plugin worker 97340 code loading' 2.3279169999999993
Time for 'plugin worker 97339 code loading' 2.8004590000000036
Time for 'plugin worker 97342 code loading' 2.5729999999999933
[NX v22.1.0 Daemon Server] - 2025-11-26T10:30:00.149Z - Time taken for 'Load Nx Plugin: /Users/phill.armstrong/dev/user-data-platform/node_modules/.pnpm/nx@22.1.0/node_modules/nx/src/plugins/package-json' 310.85325ms
[NX v22.1.0 Daemon Server] - 2025-11-26T10:30:00.151Z - Time taken for 'Load Nx Plugin: /Users/phill.armstrong/dev/user-data-platform/node_modules/.pnpm/nx@22.1.0/node_modules/nx/src/plugins/project-json/build-nodes/project-json' 313.22520900000006ms
[NX v22.1.0 Daemon Server] - 2025-11-26T10:30:00.163Z - Time taken for 'loadDefaultNxPlugins' 325.337166ms
[NX v22.1.0 Daemon Server] - 2025-11-26T10:30:00.476Z - [REQUEST]: Updated workspace context based on watched changes, recomputing project graph...
[NX v22.1.0 Daemon Server] - 2025-11-26T10:30:00.476Z - [REQUEST]: 
[NX v22.1.0 Daemon Server] - 2025-11-26T10:30:00.476Z - [REQUEST]: 
[NX v22.1.0 Daemon Server] - 2025-11-26T10:30:00.477Z - Reusing in-memory cached project graph because no files changed.
[NX v22.1.0 Daemon Server] - 2025-11-26T10:30:00.478Z - Time taken for 'loadSpecifiedNxPlugins' 638.565583ms
Time for 'nx/core/project-json:createNodes' 0.5128330000000005
Time for 'nx/core/package-json:createNodes' 3.1204589999999826
Time for 'nx/js/dependencies-and-lockfile:createNodes' 40.221667000000025
[NX v22.1.0 Daemon Server] - 2025-11-26T10:30:00.531Z - Time taken for 'build-project-configs' 43.71941600000014ms
Time for 'build typescript dependencies' 2.410667000000103
[NX v22.1.0 Daemon Server] - 2025-11-26T10:30:00.543Z - [SYNC]: collect registered sync generators
[NX v22.1.0 Daemon Server] - 2025-11-26T10:30:00.550Z - Wrote project graph cache to /Users/phill.armstrong/dev/user-data-platform/.nx/workspace-data/project-graph.json
[NX v22.1.0 Daemon Server] - 2025-11-26T10:30:00.550Z - Serializing response for REQUEST_PROJECT_GRAPH message in json mode
[NX v22.1.0 Daemon Server] - 2025-11-26T10:30:00.550Z - Responding to REQUEST_PROJECT_GRAPH message
[NX v22.1.0 Daemon Server] - 2025-11-26T10:30:00.550Z - [REQUEST]: Responding to the client. project-graph
[NX v22.1.0 Daemon Server] - 2025-11-26T10:30:00.551Z - Time taken for 'total for creating and serializing project graph' 705.9199580000001ms
[NX v22.1.0 Daemon Server] - 2025-11-26T10:30:00.554Z - Done responding to the client project-graph
[NX v22.1.0 Daemon Server] - 2025-11-26T10:30:00.554Z - Handled json message REQUEST_PROJECT_GRAPH. Handling time: 706. Response time: 4.
[NX v22.1.0 Daemon Server] - 2025-11-26T10:30:00.556Z - Received raw message of length 32
[NX v22.1.0 Daemon Server] - 2025-11-26T10:30:00.556Z - Received json message of type GET_CONTEXT_FILE_DATA
[NX v22.1.0 Daemon Server] - 2025-11-26T10:30:00.556Z - Serializing response for GET_CONTEXT_FILE_DATA message in json mode
[NX v22.1.0 Daemon Server] - 2025-11-26T10:30:00.556Z - Responding to GET_CONTEXT_FILE_DATA message
[NX v22.1.0 Daemon Server] - 2025-11-26T10:30:00.556Z - [REQUEST]: Responding to the client. handleContextFileData
[NX v22.1.0 Daemon Server] - 2025-11-26T10:30:00.556Z - Done responding to the client handleContextFileData
[NX v22.1.0 Daemon Server] - 2025-11-26T10:30:00.556Z - Handled json message GET_CONTEXT_FILE_DATA. Handling time: 0. Response time: 0.
[NX v22.1.0 Daemon Server] - 2025-11-26T10:30:00.556Z - Closed a connection. Number of open connections: 0
[NX v22.1.0 Daemon Server] - 2025-11-26T10:30:01.544Z - Started listening on: /private/var/folders/4j/b92rng4s5895vcc79fc34k3m0000gp/T/b04bae7cef7ac86e546a/d.sock
[NX v22.1.0 Daemon Server] - 2025-11-26T10:30:01.546Z - [WATCHER]: Subscribed to changes within: /Users/phill.armstrong/dev/user-data-platform (native)
[NX v22.1.0 Daemon Server] - 2025-11-26T10:30:01.547Z - [NX-CONSOLE]: Pulling latest Nx (latest) to check console status...
Fetching nx...
[NX v22.1.0 Daemon Server] - 2025-11-26T10:30:01.564Z - [WATCHER]: Stopping the watcher for /Users/phill.armstrong/dev/user-data-platform (sources)
[NX v22.1.0 Daemon Server] - 2025-11-26T10:30:01.564Z - [WATCHER]: Stopping the watcher for /Users/phill.armstrong/dev/user-data-platform (outputs)
[NX v22.1.0 Daemon Server] - 2025-11-26T10:30:01.564Z - Server stopped because: "this process is no longer the current daemon (native)"
[NX v22.1.0 Daemon Server] - 2025-11-26T10:30:01.923Z - Established a connection. Number of open connections: 1
[NX v22.1.0 Daemon Server] - 2025-11-26T10:30:01.923Z - Established a connection. Number of open connections: 2
[NX v22.1.0 Daemon Server] - 2025-11-26T10:30:01.923Z - Closed a connection. Number of open connections: 1
[NX v22.1.0 Daemon Server] - 2025-11-26T10:30:01.925Z - Received raw message of length 32
[NX v22.1.0 Daemon Server] - 2025-11-26T10:30:01.925Z - Received json message of type GET_NX_CONSOLE_STATUS
[NX v22.1.0 Daemon Server] - 2025-11-26T10:30:01.925Z - Serializing response for GET_NX_CONSOLE_STATUS message in json mode
[NX v22.1.0 Daemon Server] - 2025-11-26T10:30:01.925Z - Responding to GET_NX_CONSOLE_STATUS message
[NX v22.1.0 Daemon Server] - 2025-11-26T10:30:01.925Z - [REQUEST]: Responding to the client. handleGetNxConsoleStatus
[NX v22.1.0 Daemon Server] - 2025-11-26T10:30:01.925Z - Done responding to the client handleGetNxConsoleStatus
[NX v22.1.0 Daemon Server] - 2025-11-26T10:30:01.925Z - Handled json message GET_NX_CONSOLE_STATUS. Handling time: 0. Response time: 0.
Time for 'plugin worker 97359 code loading' 4.897208000000001
Time for 'plugin worker 97360 code loading' 4.376208
Time for 'plugin worker 97361 code loading' 4.590542000000001
Time for 'plugin worker 97362 code loading' 5.299458
[NX v22.1.0 Daemon Server] - 2025-11-26T10:30:02.221Z - Time taken for 'Load Nx Plugin: /Users/phill.armstrong/dev/user-data-platform/node_modules/.pnpm/nx@22.1.0/node_modules/nx/src/plugins/package-json' 299.387166ms
[NX v22.1.0 Daemon Server] - 2025-11-26T10:30:02.226Z - Time taken for 'Load Nx Plugin: /Users/phill.armstrong/dev/user-data-platform/node_modules/.pnpm/nx@22.1.0/node_modules/nx/src/plugins/project-json/build-nodes/project-json' 304.78091700000004ms
[NX v22.1.0 Daemon Server] - 2025-11-26T10:30:02.242Z - Time taken for 'loadDefaultNxPlugins' 321.47075000000007ms
[NX v22.1.0 Daemon Server] - 2025-11-26T10:30:02.271Z - Started listening on: /private/var/folders/4j/b92rng4s5895vcc79fc34k3m0000gp/T/b04bae7cef7ac86e546a/d.sock
[NX v22.1.0 Daemon Server] - 2025-11-26T10:30:02.273Z - [WATCHER]: Subscribed to changes within: /Users/phill.armstrong/dev/user-data-platform (native)
[NX v22.1.0 Daemon Server] - 2025-11-26T10:30:02.274Z - [NX-CONSOLE]: Pulling latest Nx (latest) to check console status...
[NX v22.1.0 Daemon Server] - 2025-11-26T10:30:02.275Z - [WATCHER]: Stopping the watcher for /Users/phill.armstrong/dev/user-data-platform (sources)
[NX v22.1.0 Daemon Server] - 2025-11-26T10:30:02.275Z - Closed a connection. Number of open connections: 0
[NX v22.1.0 Daemon Server] - 2025-11-26T10:30:02.275Z - [WATCHER]: Stopping the watcher for /Users/phill.armstrong/dev/user-data-platform (outputs)
Fetching nx...
[NX v22.1.0 Daemon Server] - 2025-11-26T10:30:02.277Z - Server stopped because: "this process is no longer the current daemon (native)"
[NX v22.1.0 Daemon Server] - 2025-11-26T10:30:02.601Z - Started listening on: /private/var/folders/4j/b92rng4s5895vcc79fc34k3m0000gp/T/b04bae7cef7ac86e546a/d.sock
[NX v22.1.0 Daemon Server] - 2025-11-26T10:30:02.603Z - [WATCHER]: Subscribed to changes within: /Users/phill.armstrong/dev/user-data-platform (native)
[NX v22.1.0 Daemon Server] - 2025-11-26T10:30:02.604Z - [NX-CONSOLE]: Pulling latest Nx (latest) to check console status...
Fetching nx...
[NX v22.1.0 Daemon Server] - 2025-11-26T10:30:02.728Z - [WATCHER]: Stopping the watcher for /Users/phill.armstrong/dev/user-data-platform (sources)
Time for 'plugin worker 97375 code loading' 3.798542000000001
Time for 'plugin worker 97373 code loading' 4.151582999999999
Time for 'plugin worker 97372 code loading' 4.3786249999999995
Time for 'plugin worker 97374 code loading' 4.385875
[NX v22.1.0 Daemon Server] - 2025-11-26T10:30:02.985Z - [WATCHER]: Processing file changes in outputs
[NX v22.1.0 Daemon Server] - 2025-11-26T10:30:02.985Z - Established a connection. Number of open connections: 1
[NX v22.1.0 Daemon Server] - 2025-11-26T10:30:02.985Z - Established a connection. Number of open connections: 2
[NX v22.1.0 Daemon Server] - 2025-11-26T10:30:02.985Z - Closed a connection. Number of open connections: 1
[NX v22.1.0 Daemon Server] - 2025-11-26T10:30:02.987Z - Received raw message of length 32
[NX v22.1.0 Daemon Server] - 2025-11-26T10:30:02.987Z - Received json message of type REQUEST_PROJECT_GRAPH
[NX v22.1.0 Daemon Server] - 2025-11-26T10:30:02.987Z - [REQUEST]: Client Request for Project Graph Received
Time for 'plugin worker 97382 code loading' 3.4332080000000076
Time for 'plugin worker 97380 code loading' 3.2801660000000084
Time for 'plugin worker 97379 code loading' 3.8250829999999922
Time for 'plugin worker 97381 code loading' 3.3785000000000025
[NX v22.1.0 Daemon Server] - 2025-11-26T10:30:03.284Z - Time taken for 'Load Nx Plugin: /Users/phill.armstrong/dev/user-data-platform/node_modules/.pnpm/nx@22.1.0/node_modules/nx/src/plugins/package-json' 301.6296249999999ms
[NX v22.1.0 Daemon Server] - 2025-11-26T10:30:03.289Z - Time taken for 'Load Nx Plugin: /Users/phill.armstrong/dev/user-data-platform/node_modules/.pnpm/nx@22.1.0/node_modules/nx/src/plugins/project-json/build-nodes/project-json' 307.1095839999999ms
[NX v22.1.0 Daemon Server] - 2025-11-26T10:30:03.304Z - Time taken for 'loadDefaultNxPlugins' 321.87966600000004ms
[NX v22.1.0 Daemon Server] - 2025-11-26T10:30:03.631Z - [REQUEST]: Updated workspace context based on watched changes, recomputing project graph...
[NX v22.1.0 Daemon Server] - 2025-11-26T10:30:03.631Z - [REQUEST]: 
[NX v22.1.0 Daemon Server] - 2025-11-26T10:30:03.631Z - [REQUEST]: 
[NX v22.1.0 Daemon Server] - 2025-11-26T10:30:03.632Z - Reusing in-memory cached project graph because no files changed.
[NX v22.1.0 Daemon Server] - 2025-11-26T10:30:03.634Z - Time taken for 'loadSpecifiedNxPlugins' 650.480125ms
Time for 'nx/core/project-json:createNodes' 0.5157500000000255
Time for 'nx/core/package-json:createNodes' 2.9225420000000213
Time for 'nx/js/dependencies-and-lockfile:createNodes' 4.140541999999982
[NX v22.1.0 Daemon Server] - 2025-11-26T10:30:03.648Z - Time taken for 'build-project-configs' 6.857082999999875ms
Time for 'build typescript dependencies' 0.04025000000001455
[NX v22.1.0 Daemon Server] - 2025-11-26T10:30:03.655Z - [SYNC]: collect registered sync generators
[NX v22.1.0 Daemon Server] - 2025-11-26T10:30:03.666Z - Wrote project graph cache to /Users/phill.armstrong/dev/user-data-platform/.nx/workspace-data/project-graph.json
[NX v22.1.0 Daemon Server] - 2025-11-26T10:30:03.666Z - Serializing response for REQUEST_PROJECT_GRAPH message in json mode
[NX v22.1.0 Daemon Server] - 2025-11-26T10:30:03.666Z - Responding to REQUEST_PROJECT_GRAPH message
[NX v22.1.0 Daemon Server] - 2025-11-26T10:30:03.666Z - [REQUEST]: Responding to the client. project-graph
[NX v22.1.0 Daemon Server] - 2025-11-26T10:30:03.667Z - Time taken for 'total for creating and serializing project graph' 679.3257090000001ms
[NX v22.1.0 Daemon Server] - 2025-11-26T10:30:03.667Z - Done responding to the client project-graph
[NX v22.1.0 Daemon Server] - 2025-11-26T10:30:03.667Z - Handled json message REQUEST_PROJECT_GRAPH. Handling time: 679. Response time: 1.
[NX v22.1.0 Daemon Server] - 2025-11-26T10:30:03.669Z - Received raw message of length 32
[NX v22.1.0 Daemon Server] - 2025-11-26T10:30:03.669Z - Received json message of type REQUEST_PROJECT_GRAPH
[NX v22.1.0 Daemon Server] - 2025-11-26T10:30:03.669Z - [REQUEST]: Client Request for Project Graph Received
[NX v22.1.0 Daemon Server] - 2025-11-26T10:30:03.669Z - Reusing in-memory cached project graph because no files changed.
[NX v22.1.0 Daemon Server] - 2025-11-26T10:30:03.679Z - Wrote project graph cache to /Users/phill.armstrong/dev/user-data-platform/.nx/workspace-data/project-graph.json
[NX v22.1.0 Daemon Server] - 2025-11-26T10:30:03.679Z - Serializing response for REQUEST_PROJECT_GRAPH message in json mode
[NX v22.1.0 Daemon Server] - 2025-11-26T10:30:03.679Z - Responding to REQUEST_PROJECT_GRAPH message
[NX v22.1.0 Daemon Server] - 2025-11-26T10:30:03.679Z - [REQUEST]: Responding to the client. project-graph
[NX v22.1.0 Daemon Server] - 2025-11-26T10:30:03.680Z - Time taken for 'total for creating and serializing project graph' 10.464791999999989ms
[NX v22.1.0 Daemon Server] - 2025-11-26T10:30:03.681Z - Done responding to the client project-graph
[NX v22.1.0 Daemon Server] - 2025-11-26T10:30:03.681Z - Handled json message REQUEST_PROJECT_GRAPH. Handling time: 10. Response time: 2.
The plugin worker is exiting as it was not connected to within 5 seconds.
The plugin worker is exiting as it was not connected to within 5 seconds.
The plugin worker is exiting as it was not connected to within 5 seconds.
The plugin worker is exiting as it was not connected to within 5 seconds.
[NX v22.1.0 Daemon Server] - 2025-11-26T10:30:05.721Z - [NX-CONSOLE]: Successfully pulled latest Nx to /private/var/folders/4j/b92rng4s5895vcc79fc34k3m0000gp/T/tmp-97365-NMqQGfDCIPEP
[NX v22.1.2 Daemon Server] - 2025-11-26T10:30:07.189Z - [NX-CONSOLE]: Using local implementation (NX_USE_LOCAL=true or inner call)
DEBUG nx::native::ide::install: Detected editor: Unknown
[NX v22.1.0 Daemon Server] - 2025-11-26T10:30:07.200Z - [NX-CONSOLE]: Console status check completed, shouldPrompt: false
The plugin worker is exiting as it was not connected to within 5 seconds.
The plugin worker is exiting as it was not connected to within 5 seconds.
The plugin worker is exiting as it was not connected to within 5 seconds.
The plugin worker is exiting as it was not connected to within 5 seconds.
[NX v22.1.0 Daemon Server] - 2025-11-26T10:32:36.277Z - [WATCHER]: 2 file(s) created or restored, 0 file(s) modified, 0 file(s) deleted
[NX v22.1.0 Daemon Server] - 2025-11-26T10:32:36.277Z - [WATCHER]: Processing file changes in outputs
[NX v22.1.0 Daemon Server] - 2025-11-26T10:32:36.397Z - [REQUEST]: Updated workspace context based on watched changes, recomputing project graph...
[NX v22.1.0 Daemon Server] - 2025-11-26T10:32:36.397Z - [REQUEST]: modules/lambda/.terraform/providers/registry.terraform.io/hashicorp/aws/6.22.1/darwin_arm64/LICENSE.txt,modules/lambda/.terraform/providers/registry.terraform.io/hashicorp/aws/6.22.1/darwin_arm64/terraform-provider-aws_v6.22.1_x5
[NX v22.1.0 Daemon Server] - 2025-11-26T10:32:36.397Z - [REQUEST]: 
[NX v22.1.0 Daemon Server] - 2025-11-26T10:32:36.399Z - Time taken for 'hash changed files from watcher' 18.77887500001816ms
Time for 'nx/core/project-json:createNodes' 0.5293339999916498
Time for 'nx/core/package-json:createNodes' 2.026791999989655
Time for 'nx/js/dependencies-and-lockfile:createNodes' 3.804290999978548
[NX v22.1.0 Daemon Server] - 2025-11-26T10:32:36.408Z - Time taken for 'build-project-configs' 5.801416000002064ms
Time for 'build typescript dependencies' 0.011750000005122274
[NX v22.1.0 Daemon Server] - 2025-11-26T10:32:36.414Z - [SYNC]: collect registered sync generators
[NX v22.1.0 Daemon Server] - 2025-11-26T10:32:36.415Z - [SYNC]: project graph hash is the same, not collecting task sync generators
[NX v22.1.0 Daemon Server] - 2025-11-26T10:32:36.415Z - [SYNC]: nx.json hash is the same, not collecting global sync generators
[NX v22.1.0 Daemon Server] - 2025-11-26T10:32:36.415Z - Time taken for 'total execution time for createProjectGraph()' 9.83754200002295ms
[NX v22.1.0 Daemon Server] - 2025-11-26T10:32:37.894Z - [WATCHER]: Processing file changes in outputs
[NX v22.1.0 Daemon Server] - 2025-11-26T10:32:37.897Z - [WATCHER]: modules/lambda/.terraform/providers/registry.terraform.io/hashicorp/aws/6.22.1/darwin_arm64/terraform-provider-aws_v6.22.1_x5 was modified
[NX v22.1.0 Daemon Server] - 2025-11-26T10:32:38.307Z - [REQUEST]: Updated workspace context based on watched changes, recomputing project graph...
[NX v22.1.0 Daemon Server] - 2025-11-26T10:32:38.307Z - [REQUEST]: modules/lambda/.terraform/providers/registry.terraform.io/hashicorp/aws/6.22.1/darwin_arm64/terraform-provider-aws_v6.22.1_x5
[NX v22.1.0 Daemon Server] - 2025-11-26T10:32:38.307Z - [REQUEST]: 
[NX v22.1.0 Daemon Server] - 2025-11-26T10:32:38.309Z - Time taken for 'hash changed files from watcher' 208.76037499998347ms
Time for 'nx/core/project-json:createNodes' 0.5838750000111759
Time for 'nx/core/package-json:createNodes' 3.1939999999885913
Time for 'nx/js/dependencies-and-lockfile:createNodes' 5.633625000016764
[NX v22.1.0 Daemon Server] - 2025-11-26T10:32:38.320Z - Time taken for 'build-project-configs' 7.379583999980241ms
Time for 'build typescript dependencies' 0.008125000022118911
[NX v22.1.0 Daemon Server] - 2025-11-26T10:32:38.327Z - [SYNC]: collect registered sync generators
[NX v22.1.0 Daemon Server] - 2025-11-26T10:32:38.328Z - [SYNC]: project graph hash is the same, not collecting task sync generators
[NX v22.1.0 Daemon Server] - 2025-11-26T10:32:38.328Z - [SYNC]: nx.json hash is the same, not collecting global sync generators
[NX v22.1.0 Daemon Server] - 2025-11-26T10:32:38.328Z - Time taken for 'total execution time for createProjectGraph()' 10.284750000020722ms
[NX v22.1.0 Daemon Server] - 2025-11-26T10:32:38.852Z - [WATCHER]: Processing file changes in outputs
[NX v22.1.0 Daemon Server] - 2025-11-26T10:32:38.853Z - [WATCHER]: 2 file(s) created or restored, 0 file(s) modified, 0 file(s) deleted
[NX v22.1.0 Daemon Server] - 2025-11-26T10:32:38.936Z - [WATCHER]: 2 file(s) created or restored, 0 file(s) modified, 1 file(s) deleted
[NX v22.1.0 Daemon Server] - 2025-11-26T10:32:38.936Z - [WATCHER]: Processing file changes in outputs
[NX v22.1.0 Daemon Server] - 2025-11-26T10:32:38.958Z - [REQUEST]: Updated workspace context based on watched changes, recomputing project graph...
[NX v22.1.0 Daemon Server] - 2025-11-26T10:32:38.958Z - [REQUEST]: modules/lambda/.terraform/providers/registry.terraform.io/hashicorp/archive/2.7.1/darwin_arm64/LICENSE.txt,modules/lambda/.terraform/providers/registry.terraform.io/hashicorp/archive/2.7.1/darwin_arm64/terraform-provider-archive_v2.7.1_x5,modules/lambda/.terraform.lock.hcl
[NX v22.1.0 Daemon Server] - 2025-11-26T10:32:38.958Z - [REQUEST]: modules/lambda/.terraform.lock.hcl1479071275
[NX v22.1.0 Daemon Server] - 2025-11-26T10:32:38.959Z - Time taken for 'hash changed files from watcher' 2.877999999996973ms
Time for 'nx/core/project-json:createNodes' 0.4426249999960419
Time for 'nx/core/package-json:createNodes' 2.166125000017928
Time for 'nx/js/dependencies-and-lockfile:createNodes' 3.739166000013938
[NX v22.1.0 Daemon Server] - 2025-11-26T10:32:38.967Z - Time taken for 'build-project-configs' 5.15729200001806ms
Time for 'build typescript dependencies' 0.004458000010345131
[NX v22.1.0 Daemon Server] - 2025-11-26T10:32:38.973Z - [SYNC]: collect registered sync generators
[NX v22.1.0 Daemon Server] - 2025-11-26T10:32:38.973Z - [SYNC]: project graph hash is the same, not collecting task sync generators
[NX v22.1.0 Daemon Server] - 2025-11-26T10:32:38.973Z - [SYNC]: nx.json hash is the same, not collecting global sync generators
[NX v22.1.0 Daemon Server] - 2025-11-26T10:32:38.973Z - Time taken for 'total execution time for createProjectGraph()' 8.117417000001296ms
[NX v22.1.0 Daemon Server] - 2025-11-26T10:32:51.062Z - Started listening on: /private/var/folders/4j/b92rng4s5895vcc79fc34k3m0000gp/T/b04bae7cef7ac86e546a/d.sock
[NX v22.1.0 Daemon Server] - 2025-11-26T10:32:51.071Z - Closed a connection. Number of open connections: 0
[NX v22.1.0 Daemon Server] - 2025-11-26T10:32:51.070Z - [WATCHER]: Subscribed to changes within: /Users/phill.armstrong/dev/user-data-platform (native)
[NX v22.1.0 Daemon Server] - 2025-11-26T10:32:51.071Z - [WATCHER]: Stopping the watcher for /Users/phill.armstrong/dev/user-data-platform (sources)
[NX v22.1.0 Daemon Server] - 2025-11-26T10:32:51.071Z - [WATCHER]: Stopping the watcher for /Users/phill.armstrong/dev/user-data-platform (outputs)
[NX v22.1.0 Daemon Server] - 2025-11-26T10:32:51.071Z - [NX-CONSOLE]: Pulling latest Nx (latest) to check console status...
[NX v22.1.0 Daemon Server] - 2025-11-26T10:32:51.073Z - [NX-CONSOLE]: Cleaning up latest Nx installation from /private/var/folders/4j/b92rng4s5895vcc79fc34k3m0000gp/T/tmp-97365-NMqQGfDCIPEP
[NX v22.1.0 Daemon Server] - 2025-11-26T10:32:51.073Z - Server stopped because: "this process is no longer the current daemon (native)"
Fetching nx...
[NX v22.1.0 Daemon Server] - 2025-11-26T10:32:51.536Z - Established a connection. Number of open connections: 1
[NX v22.1.0 Daemon Server] - 2025-11-26T10:32:51.536Z - Established a connection. Number of open connections: 2
[NX v22.1.0 Daemon Server] - 2025-11-26T10:32:51.537Z - Closed a connection. Number of open connections: 1
[NX v22.1.0 Daemon Server] - 2025-11-26T10:32:51.539Z - Received raw message of length 32
[NX v22.1.0 Daemon Server] - 2025-11-26T10:32:51.539Z - Received json message of type GET_NX_CONSOLE_STATUS
[NX v22.1.0 Daemon Server] - 2025-11-26T10:32:51.539Z - Serializing response for GET_NX_CONSOLE_STATUS message in json mode
[NX v22.1.0 Daemon Server] - 2025-11-26T10:32:51.539Z - Responding to GET_NX_CONSOLE_STATUS message
[NX v22.1.0 Daemon Server] - 2025-11-26T10:32:51.539Z - [REQUEST]: Responding to the client. handleGetNxConsoleStatus
[NX v22.1.0 Daemon Server] - 2025-11-26T10:32:51.540Z - Done responding to the client handleGetNxConsoleStatus
[NX v22.1.0 Daemon Server] - 2025-11-26T10:32:51.540Z - Handled json message GET_NX_CONSOLE_STATUS. Handling time: 0. Response time: 1.
Time for 'plugin worker 97645 code loading' 3.935915999999999
Time for 'plugin worker 97644 code loading' 4.210667000000001
Time for 'plugin worker 97646 code loading' 4.9648340000000015
Time for 'plugin worker 97647 code loading' 3.9506249999999987
[NX v22.1.0 Daemon Server] - 2025-11-26T10:32:51.836Z - Time taken for 'Load Nx Plugin: /Users/phill.armstrong/dev/user-data-platform/node_modules/.pnpm/nx@22.1.0/node_modules/nx/src/plugins/project-json/build-nodes/project-json' 301.10291699999993ms
[NX v22.1.0 Daemon Server] - 2025-11-26T10:32:51.836Z - Time taken for 'Load Nx Plugin: /Users/phill.armstrong/dev/user-data-platform/node_modules/.pnpm/nx@22.1.0/node_modules/nx/src/plugins/package-json' 301.9201670000001ms
[NX v22.1.0 Daemon Server] - 2025-11-26T10:32:51.856Z - Time taken for 'loadDefaultNxPlugins' 321.5207909999999ms
[NX v22.1.0 Daemon Server] - 2025-11-26T10:32:51.874Z - Started listening on: /private/var/folders/4j/b92rng4s5895vcc79fc34k3m0000gp/T/b04bae7cef7ac86e546a/d.sock
[NX v22.1.0 Daemon Server] - 2025-11-26T10:32:51.876Z - [WATCHER]: Subscribed to changes within: /Users/phill.armstrong/dev/user-data-platform (native)
[NX v22.1.0 Daemon Server] - 2025-11-26T10:32:51.876Z - [NX-CONSOLE]: Pulling latest Nx (latest) to check console status...
Fetching nx...
[NX v22.1.0 Daemon Server] - 2025-11-26T10:32:51.887Z - [WATCHER]: Stopping the watcher for /Users/phill.armstrong/dev/user-data-platform (sources)
[NX v22.1.0 Daemon Server] - 2025-11-26T10:32:51.887Z - Closed a connection. Number of open connections: 0
[NX v22.1.0 Daemon Server] - 2025-11-26T10:32:51.888Z - [WATCHER]: Stopping the watcher for /Users/phill.armstrong/dev/user-data-platform (outputs)
[NX v22.1.0 Daemon Server] - 2025-11-26T10:32:51.888Z - Server stopped because: "this process is no longer the current daemon (native)"
[NX v22.1.0 Daemon Server] - 2025-11-26T10:32:52.461Z - [WATCHER]: Processing file changes in outputs
[NX v22.1.0 Daemon Server] - 2025-11-26T10:32:52.461Z - Established a connection. Number of open connections: 1
[NX v22.1.0 Daemon Server] - 2025-11-26T10:32:52.462Z - Closed a connection. Number of open connections: 0
Time for 'plugin worker 97665 code loading' 4.084416000000001
Time for 'plugin worker 97667 code loading' 4.630500000000001
Time for 'plugin worker 97666 code loading' 4.150500000000001
Time for 'plugin worker 97668 code loading' 4.457917
[NX v22.1.0 Daemon Server] - 2025-11-26T10:32:52.735Z - Time taken for 'Load Nx Plugin: /Users/phill.armstrong/dev/user-data-platform/node_modules/.pnpm/nx@22.1.0/node_modules/nx/src/plugins/package-json' 277.44891600000005ms
[NX v22.1.0 Daemon Server] - 2025-11-26T10:32:52.737Z - Time taken for 'Load Nx Plugin: /Users/phill.armstrong/dev/user-data-platform/node_modules/.pnpm/nx@22.1.0/node_modules/nx/src/plugins/project-json/build-nodes/project-json' 280.39537499999994ms
[NX v22.1.0 Daemon Server] - 2025-11-26T10:32:52.755Z - Time taken for 'loadDefaultNxPlugins' 298.53037500000005ms
[NX v22.1.0 Daemon Server] - 2025-11-26T10:32:53.138Z - [REQUEST]: Updated workspace context based on watched changes, recomputing project graph...
[NX v22.1.0 Daemon Server] - 2025-11-26T10:32:53.138Z - [REQUEST]: 
[NX v22.1.0 Daemon Server] - 2025-11-26T10:32:53.138Z - [REQUEST]: 
[NX v22.1.0 Daemon Server] - 2025-11-26T10:32:53.141Z - Time taken for 'loadSpecifiedNxPlugins' 681.806542ms
Time for 'nx/core/project-json:createNodes' 0.4366250000000491
Time for 'nx/core/package-json:createNodes' 3.0275420000000395
Time for 'nx/js/dependencies-and-lockfile:createNodes' 3.1614999999999327
[NX v22.1.0 Daemon Server] - 2025-11-26T10:32:53.156Z - Time taken for 'build-project-configs' 6.870083000000022ms
Time for 'build typescript dependencies' 0.04454199999997854
[NX v22.1.0 Daemon Server] - 2025-11-26T10:32:53.161Z - [SYNC]: collect registered sync generators
[NX v22.1.0 Daemon Server] - 2025-11-26T10:32:53.162Z - Time taken for 'total execution time for createProjectGraph()' 9.595416999999998ms
[NX v22.1.0 Daemon Server] - 2025-11-26T10:32:54.328Z - [NX-CONSOLE]: Successfully pulled latest Nx to /private/var/folders/4j/b92rng4s5895vcc79fc34k3m0000gp/T/tmp-97648-Ls4XM7EUZHhu
[NX v22.1.2 Daemon Server] - 2025-11-26T10:32:55.763Z - [NX-CONSOLE]: Using local implementation (NX_USE_LOCAL=true or inner call)
DEBUG nx::native::ide::install: Detected editor: Unknown
[NX v22.1.0 Daemon Server] - 2025-11-26T10:32:55.766Z - [NX-CONSOLE]: Console status check completed, shouldPrompt: false
[NX v22.1.0 Daemon Server] - 2025-11-26T10:32:57.784Z - [WATCHER]: modules/lambda/.gitignore was modified
[NX v22.1.0 Daemon Server] - 2025-11-26T10:32:57.784Z - [WATCHER]: Processing file changes in outputs
[NX v22.1.0 Daemon Server] - 2025-11-26T10:32:57.784Z - [WATCHER]: Stopping the watcher for /Users/phill.armstrong/dev/user-data-platform (sources)
[NX v22.1.0 Daemon Server] - 2025-11-26T10:32:57.784Z - [WATCHER]: Stopping the watcher for /Users/phill.armstrong/dev/user-data-platform (outputs)
[NX v22.1.0 Daemon Server] - 2025-11-26T10:32:57.786Z - [NX-CONSOLE]: Cleaning up latest Nx installation from /private/var/folders/4j/b92rng4s5895vcc79fc34k3m0000gp/T/tmp-97648-Ls4XM7EUZHhu
[NX v22.1.0 Daemon Server] - 2025-11-26T10:32:57.786Z - Server stopped because: "Stopping the daemon the set of ignored files changed (native)"
